2025-03-19 00:35:17.451 | INFO     | app.agent.base:run:141 - 执行步骤 1/20 🔄
2025-03-19 00:35:19.741 | INFO     | app.agent.toolcall:think:53 - ✨ Manus的思考: 
2025-03-19 00:35:19.741 | INFO     | app.agent.toolcall:think:54 - 🛠️ Manus选择了1个工具来使用
2025-03-19 00:35:19.741 | INFO     | app.agent.toolcall:think:58 - 🧰 正在准备的工具: ['qqmusic_control']
2025-03-19 00:35:19.743 | INFO     | app.agent.toolcall:execute_tool:140 - 🔧 激活工具: 'qqmusic_control'...
2025-03-19 00:35:19.744 | INFO     | app.tool.qqmusic_control:_ensure_qqmusic_running:147 - QQ音乐未运行，尝试启动QQ音乐应用程序 🚀
2025-03-19 00:35:19.750 | INFO     | app.tool.qqmusic_control:_open_qqmusic:204 - 已启动QQ音乐: C:\Program Files (x86)\Tencent\QQMusic\QQMusic.exe 🚀
2025-03-19 00:35:39.948 | ERROR    | app.tool.qqmusic_control:execute:116 - QQ音乐控制出错: QQ音乐启动超时 ⏱️ ❌
2025-03-19 00:35:39.949 | INFO     | app.agent.toolcall:act:113 - 🎯 工具'qqmusic_control'完成了任务！结果: 执行命令`qqmusic_control`的观察输出:
{'success': False, 'error': 'QQ音乐启动超时 ⏱️'}
2025-03-19 00:35:39.950 | INFO     | app.agent.base:run:141 - 执行步骤 2/20 🔄
2025-03-19 00:35:43.471 | INFO     | app.agent.toolcall:think:53 - ✨ Manus的思考: 看起来在尝试播放下一首歌曲时，QQ音乐没有及时响应，可能是因为软件未打开或存在其他问题。我们可以再次尝试操作或者先确保QQ音乐客户端已经正确启动。

您希望我再次尝试播放下一首歌，还是需要帮助启动QQ音乐呢？如果您有任何其他需求，例如调整音量或切换循环模式，请告诉我！
2025-03-19 00:35:43.472 | INFO     | app.agent.toolcall:think:54 - 🛠️ Manus选择了0个工具来使用
2025-03-19 00:35:43.473 | INFO     | app.agent.base:run:141 - 执行步骤 3/20 🔄
2025-03-19 00:35:45.439 | INFO     | app.agent.toolcall:think:53 - ✨ Manus的思考: 
2025-03-19 00:35:45.439 | INFO     | app.agent.toolcall:think:54 - 🛠️ Manus选择了1个工具来使用
2025-03-19 00:35:45.440 | INFO     | app.agent.toolcall:think:58 - 🧰 正在准备的工具: ['qqmusic_control']
2025-03-19 00:35:45.441 | INFO     | app.agent.toolcall:execute_tool:140 - 🔧 激活工具: 'qqmusic_control'...
2025-03-19 00:35:45.445 | INFO     | app.tool.qqmusic_control:_open_qqmusic:204 - 已启动QQ音乐: C:\Program Files (x86)\Tencent\QQMusic\QQMusic.exe 🚀
2025-03-19 00:35:55.544 | INFO     | app.agent.toolcall:act:113 - 🎯 工具'qqmusic_control'完成了任务！结果: 执行命令`qqmusic_control`的观察输出:
{'success': False, 'message': 'QQ音乐启动超时，但进程可能已启动 ⚠️'}
2025-03-19 00:35:55.545 | INFO     | app.agent.base:run:141 - 执行步骤 4/20 🔄
2025-03-19 00:35:59.963 | INFO     | app.agent.toolcall:think:53 - ✨ Manus的思考: 尝试启动QQ音乐时，似乎仍然遇到了一些问题，尽管进程可能已经启动，但未能完全成功。

接下来，我们可以再次尝试播放下一首歌曲的操作，或者如果您有其他需求，比如调整音量、切换循环模式等，请告诉我！如果问题持续存在，可能需要检查QQ音乐客户端的安装或运行状态。
2025-03-19 00:35:59.965 | INFO     | app.agent.toolcall:think:54 - 🛠️ Manus选择了1个工具来使用
2025-03-19 00:35:59.967 | INFO     | app.agent.toolcall:think:58 - 🧰 正在准备的工具: ['qqmusic_control']
2025-03-19 00:35:59.967 | INFO     | app.agent.toolcall:execute_tool:140 - 🔧 激活工具: 'qqmusic_control'...
2025-03-19 00:35:59.968 | INFO     | app.tool.qqmusic_control:_ensure_qqmusic_running:147 - QQ音乐未运行，尝试启动QQ音乐应用程序 🚀
2025-03-19 00:35:59.975 | INFO     | app.tool.qqmusic_control:_open_qqmusic:204 - 已启动QQ音乐: C:\Program Files (x86)\Tencent\QQMusic\QQMusic.exe 🚀
2025-03-19 00:36:20.112 | ERROR    | app.tool.qqmusic_control:execute:116 - QQ音乐控制出错: QQ音乐启动超时 ⏱️ ❌
2025-03-19 00:36:20.117 | INFO     | app.agent.toolcall:act:113 - 🎯 工具'qqmusic_control'完成了任务！结果: 执行命令`qqmusic_control`的观察输出:
{'success': False, 'error': 'QQ音乐启动超时 ⏱️'}
2025-03-19 00:36:20.118 | INFO     | app.agent.base:run:141 - 执行步骤 5/20 🔄
2025-03-19 00:36:25.742 | INFO     | app.agent.toolcall:think:53 - ✨ Manus的思考: 看起来QQ音乐的启动仍然存在问题，导致无法执行播放下一首歌曲的操作。

为了进一步解决问题，您可以尝试以下步骤：
1. 手动启动QQ音乐客户端，确保它可以正常运行。
2. 检查QQ音乐是否有更新可用，若有，请安装最新版本。
3. 如果问题依旧存在，可以尝试重新安装QQ音乐。

如果还有其他需要帮助的地方，比如调整音量、切换循环模式等，请告诉我！希望您的问题能够尽快得到解决。
2025-03-19 00:36:25.743 | INFO     | app.agent.toolcall:think:54 - 🛠️ Manus选择了0个工具来使用
2025-03-19 00:36:25.743 | INFO     | app.agent.base:run:141 - 执行步骤 6/20 🔄
2025-03-19 00:36:28.381 | INFO     | app.agent.toolcall:think:53 - ✨ Manus的思考: 
2025-03-19 00:36:28.381 | INFO     | app.agent.toolcall:think:54 - 🛠️ Manus选择了1个工具来使用
2025-03-19 00:36:28.382 | INFO     | app.agent.toolcall:think:58 - 🧰 正在准备的工具: ['qqmusic_control']
2025-03-19 00:36:28.382 | INFO     | app.agent.toolcall:execute_tool:140 - 🔧 激活工具: 'qqmusic_control'...
2025-03-19 00:36:28.383 | INFO     | app.tool.qqmusic_control:_ensure_qqmusic_running:147 - QQ音乐未运行，尝试启动QQ音乐应用程序 🚀
2025-03-19 00:36:28.397 | INFO     | app.tool.qqmusic_control:_open_qqmusic:204 - 已启动QQ音乐: C:\Program Files (x86)\Tencent\QQMusic\QQMusic.exe 🚀
2025-03-19 00:36:48.532 | ERROR    | app.tool.qqmusic_control:execute:116 - QQ音乐控制出错: QQ音乐启动超时 ⏱️ ❌
2025-03-19 00:36:48.533 | INFO     | app.agent.toolcall:act:113 - 🎯 工具'qqmusic_control'完成了任务！结果: 执行命令`qqmusic_control`的观察输出:
{'success': False, 'error': 'QQ音乐启动超时 ⏱️'}
2025-03-19 00:36:48.533 | INFO     | app.agent.base:run:141 - 执行步骤 1/20 🔄
2025-03-19 00:36:56.041 | INFO     | app.agent.toolcall:think:53 - ✨ Manus的思考: 尝试关闭QQ音乐时遇到了同样的超时问题，这表明当前可能无法通过自动化工具与QQ音乐进行交互。可能是由于以下原因：
- QQ音乐客户端未正常启动。
- 客户端响应较慢或存在其他运行问题。

建议您手动检查QQ音乐的状态：
1. 如果QQ音乐已打开，请尝试手动操作播放列表。
2. 如果未打开，请启动QQ音乐并确认其是否能正常工作。
3. 若问题持续，建议重新安装QQ音乐客户端以确保最佳使用体验。

如果您有其他需求，例如调整音量、切换循环模式等，请随时告诉我！希望您的问题能够尽快得到解决。
2025-03-19 00:36:56.042 | INFO     | app.agent.toolcall:think:54 - 🛠️ Manus选择了0个工具来使用
2025-03-19 00:36:56.043 | INFO     | app.agent.base:run:141 - 执行步骤 2/20 🔄
2025-03-19 00:36:57.329 | INFO     | app.agent.toolcall:think:53 - ✨ Manus的思考: 
2025-03-19 00:36:57.329 | INFO     | app.agent.toolcall:think:54 - 🛠️ Manus选择了1个工具来使用
2025-03-19 00:36:57.330 | INFO     | app.agent.toolcall:think:58 - 🧰 正在准备的工具: ['terminate']
2025-03-19 00:36:57.331 | INFO     | app.agent.toolcall:execute_tool:140 - 🔧 激活工具: 'terminate'...
2025-03-19 00:36:57.331 | INFO     | app.agent.toolcall:_handle_special_tool:172 - 🏁 特殊工具'terminate'已完成任务！
2025-03-19 00:36:57.331 | INFO     | app.agent.toolcall:act:113 - 🎯 工具'terminate'完成了任务！结果: 执行命令`terminate`的观察输出:
The interaction has been completed with status: failure
