2025-03-19 00:48:53.794 | INFO     | app.agent.base:run:141 - 执行步骤 1/20 🔄
2025-03-19 00:48:55.485 | INFO     | app.agent.toolcall:think:53 - ✨ Manus的思考: 
2025-03-19 00:48:55.487 | INFO     | app.agent.toolcall:think:54 - 🛠️ Manus选择了1个工具来使用
2025-03-19 00:48:55.487 | INFO     | app.agent.toolcall:think:58 - 🧰 正在准备的工具: ['qqmusic_control']
2025-03-19 00:48:55.488 | INFO     | app.agent.toolcall:execute_tool:140 - 🔧 激活工具: 'qqmusic_control'...
2025-03-19 00:48:55.493 | INFO     | app.tool.qqmusic_control:_ensure_qqmusic_running:168 - QQ音乐未运行，尝试启动QQ音乐应用程序 🚀
2025-03-19 00:48:55.501 | INFO     | app.tool.qqmusic_control:_open_qqmusic:266 - 已启动QQ音乐: C:\Program Files (x86)\Tencent\QQMusic\QQMusic.exe 🚀
2025-03-19 00:49:15.694 | ERROR    | app.tool.qqmusic_control:execute:137 - QQ音乐控制出错: QQ音乐启动超时 ⏱️ ❌
2025-03-19 00:49:15.695 | INFO     | app.agent.toolcall:act:113 - 🎯 工具'qqmusic_control'完成了任务！结果: 执行命令`qqmusic_control`的观察输出:
{'success': False, 'error': 'QQ音乐启动超时 ⏱️'}
2025-03-19 00:49:15.696 | INFO     | app.agent.base:run:141 - 执行步骤 2/20 🔄
2025-03-19 00:49:20.469 | INFO     | app.agent.toolcall:think:53 - ✨ Manus的思考: 看起来尝试切换到下一首歌曲时遇到了问题，因为QQ音乐可能没有成功启动或响应。我们可能需要先确保QQ音乐已经打开并正在播放音乐。要解决这个问题，我们可以尝试重新打开QQ音乐，并再次发送播放下一首歌曲的指令。

请问您是否希望我继续尝试播放下一首歌曲？如果QQ音乐尚未运行，我将首先启动它。
2025-03-19 00:49:20.470 | INFO     | app.agent.toolcall:think:54 - 🛠️ Manus选择了0个工具来使用
2025-03-19 00:49:20.471 | INFO     | app.agent.base:run:141 - 执行步骤 3/20 🔄
2025-03-19 00:49:23.590 | INFO     | app.agent.toolcall:think:53 - ✨ Manus的思考: 
2025-03-19 00:49:23.591 | INFO     | app.agent.toolcall:think:54 - 🛠️ Manus选择了1个工具来使用
2025-03-19 00:49:23.591 | INFO     | app.agent.toolcall:think:58 - 🧰 正在准备的工具: ['system_operation']
2025-03-19 00:49:23.593 | INFO     | app.agent.toolcall:execute_tool:140 - 🔧 激活工具: 'system_operation'...
2025-03-19 00:49:23.596 | INFO     | app.agent.toolcall:act:113 - 🎯 工具'system_operation'完成了任务！结果: 执行命令`system_operation`的观察输出:
{'success': True, 'message': '应用程序已成功启动: C:\\Program Files (x86)\\Tencent\\QQMusic\\QQMusic.exe  ✅', 'application': 'C:\\Program Files (x86)\\Tencent\\QQMusic\\QQMusic.exe', 'arguments': None}
2025-03-19 00:49:23.597 | INFO     | app.agent.base:run:141 - 执行步骤 4/20 🔄
2025-03-19 00:49:26.092 | INFO     | app.agent.toolcall:think:53 - ✨ Manus的思考: 
2025-03-19 00:49:26.093 | INFO     | app.agent.toolcall:think:54 - 🛠️ Manus选择了1个工具来使用
2025-03-19 00:49:26.093 | INFO     | app.agent.toolcall:think:58 - 🧰 正在准备的工具: ['qqmusic_control']
2025-03-19 00:49:26.094 | INFO     | app.agent.toolcall:execute_tool:140 - 🔧 激活工具: 'qqmusic_control'...
2025-03-19 00:49:26.096 | INFO     | app.tool.qqmusic_control:_ensure_qqmusic_running:168 - QQ音乐未运行，尝试启动QQ音乐应用程序 🚀
2025-03-19 00:49:26.109 | INFO     | app.tool.qqmusic_control:_open_qqmusic:266 - 已启动QQ音乐: C:\Program Files (x86)\Tencent\QQMusic\QQMusic.exe 🚀
2025-03-19 00:49:46.318 | ERROR    | app.tool.qqmusic_control:execute:137 - QQ音乐控制出错: QQ音乐启动超时 ⏱️ ❌
2025-03-19 00:49:46.318 | INFO     | app.agent.toolcall:act:113 - 🎯 工具'qqmusic_control'完成了任务！结果: 执行命令`qqmusic_control`的观察输出:
{'success': False, 'error': 'QQ音乐启动超时 ⏱️'}
2025-03-19 00:49:46.319 | INFO     | app.agent.base:run:141 - 执行步骤 5/20 🔄
2025-03-19 00:49:50.177 | INFO     | app.agent.toolcall:think:53 - ✨ Manus的思考: 尽管我们已经成功启动了QQ音乐，但切换到下一首歌曲的指令仍然没有得到响应，可能是由于QQ音乐需要一些时间来完全加载或当前没有播放列表正在播放。

如果您确认QQ音乐已经完全加载并且有一个播放列表正在播放，请再次告诉我，我们将再次尝试切换到下一首歌曲。如果问题依旧存在，可能需要检查QQ音乐的设置或者播放列表状态。
2025-03-19 00:49:50.178 | INFO     | app.agent.toolcall:think:54 - 🛠️ Manus选择了0个工具来使用
2025-03-19 00:49:50.178 | INFO     | app.agent.base:run:141 - 执行步骤 1/20 🔄
2025-03-19 00:49:53.027 | INFO     | app.agent.toolcall:think:53 - ✨ Manus的思考: 
2025-03-19 00:49:53.027 | INFO     | app.agent.toolcall:think:54 - 🛠️ Manus选择了1个工具来使用
2025-03-19 00:49:53.028 | INFO     | app.agent.toolcall:think:58 - 🧰 正在准备的工具: ['qqmusic_control']
2025-03-19 00:49:53.028 | INFO     | app.agent.toolcall:execute_tool:140 - 🔧 激活工具: 'qqmusic_control'...
2025-03-19 00:49:53.029 | INFO     | app.tool.qqmusic_control:_ensure_qqmusic_running:168 - QQ音乐未运行，尝试启动QQ音乐应用程序 🚀
2025-03-19 00:49:53.043 | INFO     | app.tool.qqmusic_control:_open_qqmusic:266 - 已启动QQ音乐: C:\Program Files (x86)\Tencent\QQMusic\QQMusic.exe 🚀
2025-03-19 00:50:13.230 | ERROR    | app.tool.qqmusic_control:execute:137 - QQ音乐控制出错: QQ音乐启动超时 ⏱️ ❌
2025-03-19 00:50:13.230 | INFO     | app.agent.toolcall:act:113 - 🎯 工具'qqmusic_control'完成了任务！结果: 执行命令`qqmusic_control`的观察输出:
{'success': False, 'error': 'QQ音乐启动超时 ⏱️'}
2025-03-19 00:50:13.231 | INFO     | app.agent.base:run:141 - 执行步骤 2/20 🔄
2025-03-19 00:50:19.071 | INFO     | app.agent.toolcall:think:53 - ✨ Manus的思考: 似乎QQ音乐仍然没有响应切换到下一首歌曲的指令。这可能是因为QQ音乐尚未完全加载，或者当前没有播放列表正在播放。

为了进一步解决问题，您可以检查以下几点：
1. 确认QQ音乐是否已经完全加载。
2. 检查是否有播放列表正在播放。
3. 如果播放列表中有歌曲正在播放，尝试手动切换到下一首歌曲，看看是否可以正常工作。

如果上述步骤都没有解决问题，可能需要查看QQ音乐的设置或联系技术支持以获取帮助。如果您确认以上条件都满足并且问题依旧存在，请再次告诉我，我们将继续尝试其他解决方案。
2025-03-19 00:50:19.072 | INFO     | app.agent.toolcall:think:54 - 🛠️ Manus选择了0个工具来使用
2025-03-19 00:50:19.072 | INFO     | app.agent.base:run:141 - 执行步骤 3/20 🔄
2025-03-19 00:50:21.383 | INFO     | app.agent.toolcall:think:53 - ✨ Manus的思考: 
2025-03-19 00:50:21.383 | INFO     | app.agent.toolcall:think:54 - 🛠️ Manus选择了1个工具来使用
2025-03-19 00:50:21.384 | INFO     | app.agent.toolcall:think:58 - 🧰 正在准备的工具: ['qqmusic_control']
2025-03-19 00:50:21.385 | INFO     | app.agent.toolcall:execute_tool:140 - 🔧 激活工具: 'qqmusic_control'...
2025-03-19 00:50:21.390 | INFO     | app.tool.qqmusic_control:_ensure_qqmusic_running:168 - QQ音乐未运行，尝试启动QQ音乐应用程序 🚀
2025-03-19 00:50:21.400 | INFO     | app.tool.qqmusic_control:_open_qqmusic:266 - 已启动QQ音乐: C:\Program Files (x86)\Tencent\QQMusic\QQMusic.exe 🚀
2025-03-19 00:50:24.404 | INFO     | app.tool.qqmusic_control:_locate_control_buttons:222 - 已定位QQ音乐控制按钮位置 🎯
2025-03-19 00:50:34.493 | ERROR    | app.tool.qqmusic_control:execute:137 - QQ音乐控制出错: QQ音乐启动超时 ⏱️ ❌
2025-03-19 00:50:34.493 | INFO     | app.agent.toolcall:act:113 - 🎯 工具'qqmusic_control'完成了任务！结果: 执行命令`qqmusic_control`的观察输出:
{'success': False, 'error': 'QQ音乐启动超时 ⏱️'}
2025-03-19 00:50:34.495 | INFO     | app.agent.base:run:141 - 执行步骤 4/20 🔄
2025-03-19 00:50:40.348 | INFO     | app.agent.toolcall:think:53 - ✨ Manus的思考: 看来我们仍然无法与QQ音乐进行交互，可能是由于软件未完全加载或存在其他问题。为了更好地理解当前状况，您可以尝试以下步骤：

1. **手动检查QQ音乐的状态**：请确认QQ音乐是否已成功启动并且处于可操作状态。
2. **查看播放列表**：确保有一个播放列表正在播放，并且其中包含多首歌曲以便切换。
3. **尝试手动操作**：如果可能，请尝试手动切换到下一首歌曲以确认功能正常。

如果上述步骤均无误但问题依旧存在，可能需要进一步检查QQ音乐的设置或联系技术支持以获取帮助。如果您确认以上条件都满足并且希望继续尝试解决问题，请再次告诉我，我们将探讨其他可能的解决方案。
2025-03-19 00:50:40.349 | INFO     | app.agent.toolcall:think:54 - 🛠️ Manus选择了0个工具来使用
2025-03-19 00:50:40.349 | INFO     | app.agent.base:run:141 - 执行步骤 5/20 🔄
2025-03-19 00:50:42.653 | INFO     | app.agent.toolcall:think:53 - ✨ Manus的思考: 
2025-03-19 00:50:42.653 | INFO     | app.agent.toolcall:think:54 - 🛠️ Manus选择了1个工具来使用
2025-03-19 00:50:42.653 | INFO     | app.agent.toolcall:think:58 - 🧰 正在准备的工具: ['terminate']
2025-03-19 00:50:42.655 | INFO     | app.agent.toolcall:execute_tool:140 - 🔧 激活工具: 'terminate'...
2025-03-19 00:50:42.655 | INFO     | app.agent.toolcall:_handle_special_tool:172 - 🏁 特殊工具'terminate'已完成任务！
2025-03-19 00:50:42.656 | INFO     | app.agent.toolcall:act:113 - 🎯 工具'terminate'完成了任务！结果: 执行命令`terminate`的观察输出:
The interaction has been completed with status: failure
